src/debug_lctx_clean.tsx(125,49): error TS1002: Unterminated string literal.
src/debug_start.tsx(55,30): error TS1002: Unterminated string literal.
src/lctx_end.tsx(2,24): error TS1005: ';' expected.
src/lctx_end.tsx(3,26): error TS1005: ';' expected.
src/lctx_end.tsx(4,23): error TS1005: ';' expected.
src/lctx_end.tsx(5,27): error TS1005: ';' expected.
src/lctx_end.tsx(6,21): error TS1005: ';' expected.
src/lctx_end.tsx(7,19): error TS1005: ';' expected.
src/lctx_end.tsx(8,20): error TS1005: ';' expected.
src/lctx_end.tsx(9,22): error TS1005: ';' expected.
src/lctx_end.tsx(10,21): error TS1005: ';' expected.
src/lctx_end.tsx(11,29): error TS1005: ';' expected.
src/lctx_end.tsx(13,19): error TS1005: ';' expected.
src/lctx_end.tsx(14,19): error TS1005: ';' expected.
src/lctx_end.tsx(15,17): error TS1005: ';' expected.
src/lctx_end.tsx(16,20): error TS1005: ';' expected.
src/lctx_end.tsx(17,11): error TS1005: ';' expected.
src/lctx_end.tsx(18,12): error TS1005: ';' expected.
src/lctx_end.tsx(19,12): error TS1005: ';' expected.
src/lctx_end.tsx(20,19): error TS1005: ';' expected.
src/lctx_end.tsx(21,22): error TS1005: ';' expected.
src/lctx_end.tsx(22,18): error TS1005: ';' expected.
src/lctx_end.tsx(23,16): error TS1005: ';' expected.
src/lctx_end.tsx(24,17): error TS1005: ';' expected.
src/lctx_end.tsx(25,3): error TS1109: Expression expected.
src/lctx_end.tsx(25,4): error TS1128: Declaration or statement expected.
src/lctx_end.tsx(26,1): error TS1128: Declaration or statement expected.
